Microchip MPLAB XC8 Compiler V1.41 ()

Linker command line:

-W-3 --edf=/Applications/microchip/xc8/v1.41/dat/en_msgs.txt -cs \
  -h+dist/default/production/Steering_Wheel.X.production.sym \
  --cmf=dist/default/production/Steering_Wheel.X.production.cmf -z -Q16F88 \
  -o/tmp/xcvJ3YAdN \
  -Mdist/default/production/Steering_Wheel.X.production.map -E1 -ver=XC8 \
  -ASTACK=0110h-016fh -pstack=STACK -ACODE=00h-07FFhx2 -ASTRCODE=00h-0FFFh \
  -ASTRING=00h-0FFhx16 -ACONST=00h-0FFhx16 -AENTRY=00h-0FFhx16 \
  -ACOMMON=070h-07Fh -ABANK0=020h-06Fh -ABANK1=0A0h-0EFh \
  -ABANK2=0110h-016Fh -ABANK3=0190h-01EFh \
  -ARAM=020h-06Fh,0A0h-0EFh,0110h-016Fh,0190h-01EFh \
  -AABS1=020h-07Fh,0A0h-0EFh,0110h-016Fh,0190h-01EFh -ASFR0=00h-01Fh \
  -ASFR1=080h-09Fh -ASFR2=0100h-010Fh -ASFR3=0180h-018Fh \
  -preset_vec=00h,intentry=04h,init,end_init -ppowerup=CODE -pcinit=CODE \
  -pfunctab=CODE -ACONFIG=02007h-02008h -pconfig=CONFIG -DCONFIG=2 \
  -AIDLOC=02000h-02003h -pidloc=IDLOC -DIDLOC=2 -AEEDATA=00h-0FFh/02100h \
  -peeprom_data=EEDATA -DEEDATA=2 -DCODE=2 -DSTRCODE=2 -DSTRING=2 -DCONST=2 \
  -DENTRY=2 -k /tmp/xcJRhbazE.obj \
  dist/default/production/Steering_Wheel.X.production.obj 

Object code version is 3.11

Machine type is 16F88



                Name                               Link     Load   Length Selector   Space Scale
/tmp/xcJRhbazE.obj
                end_init                             11       11        2        8       0
                reset_vec                             0        0        2        0       0
                config                             2007     2007        2     400E       0
dist/default/production/Steering_Wheel.X.production.obj
                cinit                                13       13        9        8       0
                intentry                              4        4        D        8       0
                text7                               367      367       6C        8       0
                text6                                1C       1C      106        8       0
                text5                               3D3      3D3       5D        8       0
                text4                               430      430       44        8       0
                text3                               2F9      2F9       6E        8       0
                text2                               122      122       B7        8       0
                text1                               26B      26B       8E        8       0
                maintext                            1D9      1D9       92        8       0
                cstackBANK0                          20       20       24       20       1
                cstackCOMMON                         70       70        E       70       1
                clrtext                             474      474        8        8       0
                bssBANK0                             44       44        F       20       1
                nvBANK0                              53       53        3       20       1

TOTAL           Name                               Link     Load   Length     Space
        CLASS   STACK          

        CLASS   CODE           
                end_init                             11       11        2         0
                cinit                                13       13        9         0
                intentry                              4        4        D         0
                reset_vec                             0        0        2         0
                text7                               367      367       6C         0
                text6                                1C       1C      106         0
                text5                               3D3      3D3       5D         0
                text4                               430      430       44         0
                text3                               2F9      2F9       6E         0
                text2                               122      122       B7         0
                text1                               26B      26B       8E         0
                maintext                            1D9      1D9       92         0
                clrtext                             474      474        8         0

        CLASS   STRCODE        

        CLASS   STRING         

        CLASS   CONST          

        CLASS   ENTRY          

        CLASS   COMMON         
                cstackCOMMON                         70       70        E         1

        CLASS   BANK0          
                cstackBANK0                          20       20       24         1
                bssBANK0                             44       44        F         1
                nvBANK0                              53       53        3         1

        CLASS   BANK1          

        CLASS   BANK2          

        CLASS   BANK3          

        CLASS   RAM            

        CLASS   ABS1           
                abs_s1                               7E       7E        2         1

        CLASS   SFR0           

        CLASS   SFR1           

        CLASS   SFR2           

        CLASS   SFR3           

        CLASS   CONFIG         
                config                             2007     2007        2         0

        CLASS   IDLOC          

        CLASS   EEDATA         



SEGMENTS        Name                           Load    Length   Top    Selector   Space  Class     Delta

                reset_vec                      000000  000002  000002         0       0  CODE        2
                intentry                       000004  000478  00047C         8       0  CODE        2
                cstackBANK0                    000020  000036  000056        20       1  BANK0       1
                cstackCOMMON                   000070  00000E  00007E        70       1  COMMON      1
                config                         002007  000002  002009      400E       0  CONFIG      2


UNUSED ADDRESS RANGES

        Name                Unused          Largest block    Delta
        BANK0            0056-006F             1A           1
        BANK1            00A0-00EF             50           1
        BANK2            0110-016F             60           1
        BANK3            0190-01EF             60           1
        CODE             0002-0003              2           2
                         047C-0FFF            384
        CONST            0002-0003              2           2
                         047C-0FFF            100
        EEDATA           2100-21FF            100           2
        ENTRY            0002-0003              2           2
                         047C-0FFF            100
        IDLOC            2000-2003              4           2
        RAM              0056-006F             1A           1
                         00A0-00EF             50
                         0110-016F             60
                         0190-01EF             60
        SFR0             0000-001F             20           1
        SFR1             0080-009F             20           1
        SFR2             0100-010F             10           1
        SFR3             0180-018F             10           1
        STACK            0110-016F             60           1
        STRCODE          0002-0003              2           2
                         047C-0FFF            B84
        STRING           0002-0003              2           2
                         047C-0FFF            100

                                  Symbol Table

?___ftadd                cstackCOMMON 0078
?___ftdiv                cstackBANK0  0033
?___ftpack               cstackBANK0  002B
?___fttol                cstackBANK0  002B
?i1___ftpack             cstackCOMMON 0070
_ANSEL                   (abs)        009B
_Count                   bssBANK0     0044
_GIE                     (abs)        005F
_InterTimer              text4        0430
_OSCCON                  (abs)        008F
_PEIE                    (abs)        005E
_PORTA                   (abs)        0005
_PORTAbits               (abs)        0005
_PORTB                   (abs)        0006
_PR2                     (abs)        0092
_SSPBUF                  (abs)        0013
_SSPCON                  (abs)        0014
_SSPSTAT                 (abs)        0094
_SSPSTATbits             (abs)        0094
_T2CON                   (abs)        0012
_TMR2                    (abs)        0011
_TMR2IE                  (abs)        0461
_TMR2IF                  (abs)        0061
_TRISA                   (abs)        0085
_TRISB                   (abs)        0086
__CFG_BOREN$ON           (abs)        0000
__CFG_CCPMX$RB3          (abs)        0000
__CFG_CP$OFF             (abs)        0000
__CFG_CPD$OFF            (abs)        0000
__CFG_FCMEN$OFF          (abs)        0000
__CFG_FOSC$HS            (abs)        0000
__CFG_IESO$OFF           (abs)        0000
__CFG_LVP$OFF            (abs)        0000
__CFG_MCLRE$ON           (abs)        0000
__CFG_PWRTE$ON           (abs)        0000
__CFG_WDTE$OFF           (abs)        0000
__CFG_WRT$OFF            (abs)        0000
__Habs1                  abs1         0000
__Hbank0                 bank0        0000
__Hbank1                 bank1        0000
__Hbank2                 bank2        0000
__Hbank3                 bank3        0000
__HbssBANK0              bssBANK0     0000
__Hcinit                 cinit        001C
__Hclrtext               clrtext      0000
__Hcode                  code         0000
__Hcommon                common       0000
__Hconfig                config       2009
__HcstackBANK0           cstackBANK0  0000
__HcstackCOMMON          cstackCOMMON 0000
__Heeprom_data           eeprom_data  0000
__Hend_init              end_init     0013
__Hfunctab               functab      0000
__Hidloc                 idloc        0000
__Hinit                  init         0011
__Hintentry              intentry     0011
__Hmaintext              maintext     0000
__HnvBANK0               nvBANK0      0000
__Hpowerup               powerup      0000
__Hram                   ram          0000
__Hreset_vec             reset_vec    0002
__Hsfr0                  sfr0         0000
__Hsfr1                  sfr1         0000
__Hsfr2                  sfr2         0000
__Hsfr3                  sfr3         0000
__Hspace_0               (abs)        2009
__Hspace_1               (abs)        007E
__Hspace_2               (abs)        0000
__Hspace_3               (abs)        0000
__Hstack                 stack        0000
__Hstrings               strings      0000
__Htext                  text         0000
__Labs1                  abs1         0000
__Lbank0                 bank0        0000
__Lbank1                 bank1        0000
__Lbank2                 bank2        0000
__Lbank3                 bank3        0000
__LbssBANK0              bssBANK0     0000
__Lcinit                 cinit        0013
__Lclrtext               clrtext      0000
__Lcode                  code         0000
__Lcommon                common       0000
__Lconfig                config       2007
__LcstackBANK0           cstackBANK0  0000
__LcstackCOMMON          cstackCOMMON 0000
__Leeprom_data           eeprom_data  0000
__Lend_init              end_init     0011
__Lfunctab               functab      0000
__Lidloc                 idloc        0000
__Linit                  init         0011
__Lintentry              intentry     0004
__Lmaintext              maintext     0000
__LnvBANK0               nvBANK0      0000
__Lpowerup               powerup      0000
__Lram                   ram          0000
__Lreset_vec             reset_vec    0000
__Lsfr0                  sfr0         0000
__Lsfr1                  sfr1         0000
__Lsfr2                  sfr2         0000
__Lsfr3                  sfr3         0000
__Lspace_0               (abs)        0000
__Lspace_1               (abs)        0000
__Lspace_2               (abs)        0000
__Lspace_3               (abs)        0000
__Lstack                 stack        0000
__Lstrings               strings      0000
__Ltext                  text         0000
__S0                     (abs)        2009
__S1                     (abs)        007E
__S2                     (abs)        0000
__S3                     (abs)        0000
___ftadd                 text6        001C
___ftadd@exp1            cstackBANK0  0026
___ftadd@exp2            cstackBANK0  0025
___ftadd@f1              cstackCOMMON 0078
___ftadd@f2              cstackCOMMON 007B
___ftadd@sign            cstackBANK0  0024
___ftdiv                 text2        0122
___ftdiv@cntr            cstackBANK0  003D
___ftdiv@exp             cstackBANK0  0041
___ftdiv@f1              cstackBANK0  0036
___ftdiv@f2              cstackBANK0  0033
___ftdiv@f3              cstackBANK0  003E
___ftdiv@sign            cstackBANK0  0042
___ftge                  text5        03D3
___ftge@ff1              cstackCOMMON 0070
___ftge@ff2              cstackCOMMON 0073
___ftpack                text3        02F9
___ftpack@arg            cstackBANK0  002B
___ftpack@exp            cstackBANK0  002E
___ftpack@sign           cstackBANK0  002F
___fttol                 text1        026B
___fttol@exp1            cstackBANK0  0038
___fttol@f1              cstackBANK0  002B
___fttol@lval            cstackBANK0  0034
___fttol@sign1           cstackBANK0  0033
___int_sp                stack        0000
___latbits               (abs)        0001
___sp                    stack        0000
__end_of_InterTimer      text4        0474
__end_of___ftadd         text6        0122
__end_of___ftdiv         text2        01D9
__end_of___ftge          text5        0430
__end_of___ftpack        text3        0367
__end_of___fttol         text1        02F9
__end_of__initialization cinit        0019
__end_of_main            maintext     026B
__end_ofi1___ftpack      text7        03D3
__initialization         cinit        0013
__pbssBANK0              bssBANK0     0044
__pcstackBANK0           cstackBANK0  0020
__pcstackCOMMON          cstackCOMMON 0070
__pintentry              intentry     0004
__pmaintext              maintext     01D9
__pnvBANK0               nvBANK0      0053
__ptext1                 text1        026B
__ptext2                 text2        0122
__ptext3                 text3        02F9
__ptext4                 text4        0430
__ptext5                 text5        03D3
__ptext6                 text6        001C
__ptext7                 text7        0367
__size_of_InterTimer     (abs)        0000
__size_of___ftadd        (abs)        0000
__size_of___ftdiv        (abs)        0000
__size_of___ftge         (abs)        0000
__size_of___ftpack       (abs)        0000
__size_of___fttol        (abs)        0000
__size_of_main           (abs)        0000
__size_ofi1___ftpack     (abs)        0000
_byte                    bssBANK0     004A
_flag                    bssBANK0     004F
_main                    maintext     01D9
_ref                     nvBANK0      0053
_send_data               bssBANK0     0051
btemp                    (abs)        007E
clear_ram0               clrtext      0474
end_of_initialization    cinit        0019
i1___ftpack              text7        0367
i1___ftpack@arg          cstackCOMMON 0070
i1___ftpack@exp          cstackCOMMON 0073
i1___ftpack@sign         cstackCOMMON 0074
interrupt_function       intentry     0004
intlevel0                functab      0000
intlevel1                functab      0000
intlevel2                functab      0000
intlevel3                functab      0000
intlevel4                functab      0000
intlevel5                functab      0000
reset_vec                reset_vec    0000
saved_w                  (abs)        007E
stackhi                  (abs)        0000
stacklo                  (abs)        0000
start                    init         0011
start_initialization     cinit        0013
wtemp0                   (abs)        007E


FUNCTION INFORMATION:

 *************** function _main *****************
 Defined at:
		line 35 in file "main.c"
 Parameters:    Size  Location     Type
		None
 Auto vars:     Size  Location     Type
		None
 Return value:  Size  Location     Type
                  1    wreg      void 
 Registers used:
		wreg, status,2, status,0, pclath, cstack
 Tracked objects:
		On entry : 
		On exit  : 
		Unchanged: 
 Data sizes:     COMMON   BANK0   BANK1   BANK3   BANK2
      Params:         0       0       0       0       0
      Locals:         0       0       0       0       0
      Temps:          0       1       0       0       0
      Totals:         0       1       0       0       0
Total ram usage:        1 bytes
 Hardware stack levels required when called:    5
 This function calls:
		___ftdiv
		___fttol
 This function is called by:
		Startup code after reset
 This function uses a non-reentrant model


 *************** function ___fttol *****************
 Defined at:
		line 44 in file "/Applications/microchip/xc8/v1.41/sources/common/fttol.c"
 Parameters:    Size  Location     Type
  f1              3   11[BANK0 ] float 
 Auto vars:     Size  Location     Type
  lval            4   20[BANK0 ] unsigned long 
  exp1            1   24[BANK0 ] unsigned char 
  sign1           1   19[BANK0 ] unsigned char 
 Return value:  Size  Location     Type
                  4   11[BANK0 ] long 
 Registers used:
		wreg, status,2, status,0
 Tracked objects:
		On entry : 
		On exit  : 
		Unchanged: 
 Data sizes:     COMMON   BANK0   BANK1   BANK3   BANK2
      Params:         0       4       0       0       0
      Locals:         0       6       0       0       0
      Temps:          0       4       0       0       0
      Totals:         0      14       0       0       0
Total ram usage:       14 bytes
 Hardware stack levels used:    1
 Hardware stack levels required when called:    3
 This function calls:
		Nothing
 This function is called by:
		_main
 This function uses a non-reentrant model


 *************** function ___ftdiv *****************
 Defined at:
		line 56 in file "/Applications/microchip/xc8/v1.41/sources/common/ftdiv.c"
 Parameters:    Size  Location     Type
  f2              3   19[BANK0 ] float 
  f1              3   22[BANK0 ] float 
 Auto vars:     Size  Location     Type
  f3              3   30[BANK0 ] float 
  sign            1   34[BANK0 ] unsigned char 
  exp             1   33[BANK0 ] unsigned char 
  cntr            1   29[BANK0 ] unsigned char 
 Return value:  Size  Location     Type
                  3   19[BANK0 ] float 
 Registers used:
		wreg, status,2, status,0, pclath, cstack
 Tracked objects:
		On entry : 
		On exit  : 
		Unchanged: 
 Data sizes:     COMMON   BANK0   BANK1   BANK3   BANK2
      Params:         0       6       0       0       0
      Locals:         0       6       0       0       0
      Temps:          0       4       0       0       0
      Totals:         0      16       0       0       0
Total ram usage:       16 bytes
 Hardware stack levels used:    1
 Hardware stack levels required when called:    4
 This function calls:
		___ftpack
 This function is called by:
		_main
 This function uses a non-reentrant model


 *************** function ___ftpack *****************
 Defined at:
		line 62 in file "/Applications/microchip/xc8/v1.41/sources/common/float.c"
 Parameters:    Size  Location     Type
  arg             3   11[BANK0 ] unsigned um
  exp             1   14[BANK0 ] unsigned char 
  sign            1   15[BANK0 ] unsigned char 
 Auto vars:     Size  Location     Type
		None
 Return value:  Size  Location     Type
                  3   11[BANK0 ] float 
 Registers used:
		wreg, status,2, status,0
 Tracked objects:
		On entry : 
		On exit  : 
		Unchanged: 
 Data sizes:     COMMON   BANK0   BANK1   BANK3   BANK2
      Params:         0       5       0       0       0
      Locals:         0       0       0       0       0
      Temps:          0       3       0       0       0
      Totals:         0       8       0       0       0
Total ram usage:        8 bytes
 Hardware stack levels used:    1
 Hardware stack levels required when called:    3
 This function calls:
		Nothing
 This function is called by:
		___ftdiv
 This function uses a non-reentrant model


 *************** function _InterTimer *****************
 Defined at:
		line 91 in file "main.c"
 Parameters:    Size  Location     Type
		None
 Auto vars:     Size  Location     Type
		None
 Return value:  Size  Location     Type
                  1    wreg      void 
 Registers used:
		wreg, status,2, status,0, pclath, cstack
 Tracked objects:
		On entry : 
		On exit  : 
		Unchanged: 
 Data sizes:     COMMON   BANK0   BANK1   BANK3   BANK2
      Params:         0       0       0       0       0
      Locals:         0       0       0       0       0
      Temps:          0       4       0       0       0
      Totals:         0       4       0       0       0
Total ram usage:        4 bytes
 Hardware stack levels used:    1
 Hardware stack levels required when called:    2
 This function calls:
		___ftadd
		___ftge
 This function is called by:
		Interrupt level 1
 This function uses a non-reentrant model


 *************** function ___ftge *****************
 Defined at:
		line 4 in file "/Applications/microchip/xc8/v1.41/sources/common/ftge.c"
 Parameters:    Size  Location     Type
  ff1             3    0[COMMON] float 
  ff2             3    3[COMMON] float 
 Auto vars:     Size  Location     Type
		None
 Return value:  Size  Location     Type
		None               void
 Registers used:
		wreg, status,2, status,0
 Tracked objects:
		On entry : 
		On exit  : 
		Unchanged: 
 Data sizes:     COMMON   BANK0   BANK1   BANK3   BANK2
      Params:         6       0       0       0       0
      Locals:         0       0       0       0       0
      Temps:          6       0       0       0       0
      Totals:        12       0       0       0       0
Total ram usage:       12 bytes
 Hardware stack levels used:    1
 This function calls:
		Nothing
 This function is called by:
		_InterTimer
 This function uses a non-reentrant model


 *************** function ___ftadd *****************
 Defined at:
		line 86 in file "/Applications/microchip/xc8/v1.41/sources/common/ftadd.c"
 Parameters:    Size  Location     Type
  f1              3    8[COMMON] float 
  f2              3   11[COMMON] float 
 Auto vars:     Size  Location     Type
  exp1            1    6[BANK0 ] unsigned char 
  exp2            1    5[BANK0 ] unsigned char 
  sign            1    4[BANK0 ] unsigned char 
 Return value:  Size  Location     Type
                  3    8[COMMON] float 
 Registers used:
		wreg, status,2, status,0, pclath, cstack
 Tracked objects:
		On entry : 
		On exit  : 
		Unchanged: 
 Data sizes:     COMMON   BANK0   BANK1   BANK3   BANK2
      Params:         6       0       0       0       0
      Locals:         0       3       0       0       0
      Temps:          0       4       0       0       0
      Totals:         6       7       0       0       0
Total ram usage:       13 bytes
 Hardware stack levels used:    1
 Hardware stack levels required when called:    1
 This function calls:
		i1___ftpack
 This function is called by:
		_InterTimer
 This function uses a non-reentrant model


 *************** function i1___ftpack *****************
 Defined at:
		line 62 in file "/Applications/microchip/xc8/v1.41/sources/common/float.c"
 Parameters:    Size  Location     Type
  arg             3    0[COMMON] unsigned um
  exp             1    3[COMMON] unsigned char 
  sign            1    4[COMMON] unsigned char 
 Auto vars:     Size  Location     Type
		None
 Return value:  Size  Location     Type
                  3    0[COMMON] float 
 Registers used:
		wreg, status,2, status,0
 Tracked objects:
		On entry : 
		On exit  : 
		Unchanged: 
 Data sizes:     COMMON   BANK0   BANK1   BANK3   BANK2
      Params:         5       0       0       0       0
      Locals:         0       0       0       0       0
      Temps:          3       0       0       0       0
      Totals:         8       0       0       0       0
Total ram usage:        8 bytes
 Hardware stack levels used:    1
 This function calls:
		Nothing
 This function is called by:
		___ftadd
 This function uses a non-reentrant model



MODULE INFORMATION

Module		Function		Class		Link	Load	Size
/Applications/microchip/xc8/v1.41/sources/common/float.c
		___ftpack      		CODE           	02F9	0000	111

/Applications/microchip/xc8/v1.41/sources/common/float.c estimated size: 111

/Applications/microchip/xc8/v1.41/sources/common/ftge.c
		___ftge        		CODE           	03D3	0000	94

/Applications/microchip/xc8/v1.41/sources/common/ftge.c estimated size: 94

/Applications/microchip/xc8/v1.41/sources/common/ftdiv.c
		___ftdiv       		CODE           	0122	0000	184

/Applications/microchip/xc8/v1.41/sources/common/ftdiv.c estimated size: 184

shared
		i1___ftpack    		CODE           	0367	0000	109
		__initialization		CODE           	0013	0000	7

shared estimated size: 116

/Applications/microchip/xc8/v1.41/sources/common/fttol.c
		___fttol       		CODE           	026B	0000	143

/Applications/microchip/xc8/v1.41/sources/common/fttol.c estimated size: 143

main.c
		_main          		CODE           	01D9	0000	147
		_InterTimer    		CODE           	0430	0000	69

main.c estimated size: 216

/Applications/microchip/xc8/v1.41/sources/common/ftadd.c
		___ftadd       		CODE           	001C	0000	263

/Applications/microchip/xc8/v1.41/sources/common/ftadd.c estimated size: 263

